
> equipose@1.29.0 pretest /app
> node generate-version.js

Generated version file with version v1.29.0

> equipose@1.29.0 test /app
> ng test

❯ Building...
✔ Building...
Initial chunk files                                                                  | Names                                                                             |  Raw size
chunk-5R44DAMY.js                                                                    | -                                                                                 | 170.98 kB |
chunk-NOPFXHVL.js                                                                    | -                                                                                 | 120.53 kB |
spec-app-app.js                                                                      | spec-app-app                                                                      | 117.54 kB |
styles.css                                                                           | styles                                                                            |  99.01 kB |
chunk-CDETLMW4.js                                                                    | -                                                                                 |  97.88 kB |
chunk-FBBFBJWM.js                                                                    | -                                                                                 |  78.92 kB |
spec-app-domain-schema-management-services-code-generator.service.js                 | spec-app-domain-schema-management-services-code-generator.service                 |  49.49 kB |
chunk-5XN4KSXR.js                                                                    | -                                                                                 |  46.87 kB |
chunk-EBJFQSH7.js                                                                    | -                                                                                 |  31.01 kB |
chunk-JFG7OKWC.js                                                                    | -                                                                                 |  25.72 kB |
spec-app-domain-schema-management-components-results-grid.component.js               | spec-app-domain-schema-management-components-results-grid.component               |  24.75 kB |
spec-app-domain-randomization-engine-core-randomization-algorithm.js                 | spec-app-domain-randomization-engine-core-randomization-algorithm                 |  23.47 kB |
chunk-KABH5LLL.js                                                                    | -                                                                                 |  20.17 kB |
chunk-6WW562NQ.js                                                                    | -                                                                                 |  16.17 kB |
chunk-233C3WO4.js                                                                    | -                                                                                 |  13.44 kB |
spec-app-domain-study-builder-components-config-form.component.js                    | spec-app-domain-study-builder-components-config-form.component                    |  12.78 kB |
spec-app-domain-schema-management-services-methodology-specification.service.js      | spec-app-domain-schema-management-services-methodology-specification.service      |  11.32 kB |
spec-app-domain-study-builder-store-study-builder.store.js                           | spec-app-domain-study-builder-store-study-builder.store                           |  10.50 kB |
spec-app-domain-schema-management-services-excel-export.service.js                   | spec-app-domain-schema-management-services-excel-export.service                   |  10.43 kB |
spec-app-domain-study-builder-components-generator.component.js                      | spec-app-domain-study-builder-components-generator.component                      |  10.36 kB |
spec-app-domain-randomization-engine-randomization-engine.facade.js                  | spec-app-domain-randomization-engine-randomization-engine.facade                  |  10.25 kB |
chunk-ZD3J4EFW.js                                                                    | -                                                                                 |   9.90 kB |
spec-app-domain-schema-management-components-schema-verification.component.js        | spec-app-domain-schema-management-components-schema-verification.component        |   9.60 kB |
spec-app-domain-schema-management-components-code-generator-modal.component.js       | spec-app-domain-schema-management-components-code-generator-modal.component       |   9.57 kB |
chunk-MY3C763Q.js                                                                    | -                                                                                 |   9.22 kB |
chunk-RRKE22EV.js                                                                    | -                                                                                 |   9.07 kB |
spec-app-domain-schema-management-components-balance-verification.component.js       | spec-app-domain-schema-management-components-balance-verification.component       |   8.32 kB |
spec-app-domain-randomization-engine-core-randomization-algorithm-parity.js          | spec-app-domain-randomization-engine-core-randomization-algorithm-parity          |   8.26 kB |
chunk-UKYLOPMM.js                                                                    | -                                                                                 |   8.23 kB |
chunk-CNP5BWQL.js                                                                    | -                                                                                 |   7.97 kB |
spec-app-domain-randomization-engine-core-subject-id-engine.js                       | spec-app-domain-randomization-engine-core-subject-id-engine                       |   7.19 kB |
spec-app-domain-randomization-engine-randomization-engine-monte-carlo.facade.js      | spec-app-domain-randomization-engine-randomization-engine-monte-carlo.facade      |   7.09 kB |
chunk-AQEIO4K3.js                                                                    | -                                                                                 |   5.62 kB |
spec-app-domain-study-builder-components-tag-input.component.js                      | spec-app-domain-study-builder-components-tag-input.component                      |   5.33 kB |
chunk-CUMYCXYX.js                                                                    | -                                                                                 |   5.19 kB |
spec-app-domain-randomization-engine-core-cap-strategy.js                            | spec-app-domain-randomization-engine-core-cap-strategy                            |   5.19 kB |
spec-app-domain-schema-management-components-schema-analytics-dashboard.component.js | spec-app-domain-schema-management-components-schema-analytics-dashboard.component |   5.05 kB |
spec-app-domain-study-builder-components-block-preview.component.js                  | spec-app-domain-study-builder-components-block-preview.component                  |   4.88 kB |
chunk-RSTWSNOR.js                                                                    | -                                                                                 |   4.75 kB |
spec-app-domain-randomization-engine-core-crypto-hash.js                             | spec-app-domain-randomization-engine-core-crypto-hash                             |   4.61 kB |
spec-app-core-services-viewport.service.js                                           | spec-app-core-services-viewport.service                                           |   4.59 kB |
spec-app-core-services-theme.service.js                                              | spec-app-core-services-theme.service                                              |   4.49 kB |
spec-app-domain-randomization-engine-core-minimization-algorithm.js                  | spec-app-domain-randomization-engine-core-minimization-algorithm                  |   3.95 kB |
spec-app-domain-schema-management-services-schema-view-state.service.js              | spec-app-domain-schema-management-services-schema-view-state.service              |   3.90 kB |
spec-app-core-services-toast.service.js                                              | spec-app-core-services-toast.service                                              |   3.43 kB |
spec-app-domain-randomization-engine-randomization.service.js                        | spec-app-domain-randomization-engine-randomization.service                        |   3.32 kB |
spec-app-domain-randomization-engine-worker-attrition-prng.js                        | spec-app-domain-randomization-engine-worker-attrition-prng                        |   3.03 kB |
chunk-YZASRRJF.js                                                                    | -                                                                                 |   2.96 kB |
chunk-C4LRPKDA.js                                                                    | -                                                                                 |   2.85 kB |
chunk-JDNHYI7G.js                                                                    | -                                                                                 |   2.50 kB |
chunk-6GR2H4CD.js                                                                    | -                                                                                 |   2.37 kB |
chunk-KG3WPPGR.js                                                                    | -                                                                                 |   2.23 kB |
chunk-YFIWJ2QX.js                                                                    | -                                                                                 |   2.21 kB |
init-testbed.js                                                                      | init-testbed                                                                      |   1.21 kB |
chunk-RMQ6QV6N.js                                                                    | -                                                                                 |   1.19 kB |
chunk-YRPAPVKC.js                                                                    | -                                                                                 |   1.12 kB |
vitest-mock-patch.js                                                                 | vitest-mock-patch                                                                 | 969 bytes |
chunk-YGZLMBAR.js                                                                    | -                                                                                 | 130 bytes |

                                                                                     | Initial total                                                                     |   1.18 MB

Lazy chunk files                                                                     | Names                                                                             |  Raw size
worker-D7JUJUFH.js                                                                   | randomization-engine-worker                                                       |  20.33 kB |

Application bundle generation complete. [8.246 seconds] - 2026-04-23T19:12:07.744Z


[1m[30m[46m RUN [49m[39m[22m [36mv4.1.5 [39m[90m/app[39m

Not implemented: navigation to another Document
Not implemented: navigation to another Document
 [32m✓[39m [30m[43m app [49m[39m src/app/domain/schema-management/components/results-grid.component.spec.ts [2m([22m[2m42 tests[22m[2m)[22m[33m 1686[2mms[22m[39m
Not implemented: HTMLCanvasElement's getContext() method: without installing the canvas npm package
Not implemented: HTMLCanvasElement's getContext() method: without installing the canvas npm package
Not implemented: HTMLCanvasElement's getContext() method: without installing the canvas npm package
Not implemented: HTMLCanvasElement's getContext() method: without installing the canvas npm package
[90mstderr[2m | src/app/domain/schema-management/components/schema-analytics-dashboard.component.spec.ts[2m > [22m[2mSchemaAnalyticsDashboardComponent[2m > [22m[2mshould render the dashboard when results are available
[22m[39m[ECharts] Can't get DOM width or height. Please check dom.clientWidth and dom.clientHeight. They should not be 0.For example, you may need to call this in the callback of window.onload.
[ECharts] Can't get DOM width or height. Please check dom.clientWidth and dom.clientHeight. They should not be 0.For example, you may need to call this in the callback of window.onload.

Not implemented: HTMLCanvasElement's getContext() method: without installing the canvas npm package
[90mstderr[2m | src/app/domain/schema-management/components/schema-analytics-dashboard.component.spec.ts[2m > [22m[2mSchemaAnalyticsDashboardComponent[2m > [22m[2mshould display "Schema Analytics" heading when results are present
[22m[39m[ECharts] Can't get DOM width or height. Please check dom.clientWidth and dom.clientHeight. They should not be 0.For example, you may need to call this in the callback of window.onload.
[ECharts] Can't get DOM width or height. Please check dom.clientWidth and dom.clientHeight. They should not be 0.For example, you may need to call this in the callback of window.onload.

Not implemented: HTMLCanvasElement's getContext() method: without installing the canvas npm package
[90mstderr[2m | src/app/domain/schema-management/components/schema-analytics-dashboard.component.spec.ts[2m > [22m[2mSchemaAnalyticsDashboardComponent[2m > [22m[2mshould not show active filter HUD when no filter is set
[22m[39m[ECharts] Can't get DOM width or height. Please check dom.clientWidth and dom.clientHeight. They should not be 0.For example, you may need to call this in the callback of window.onload.
[ECharts] Can't get DOM width or height. Please check dom.clientWidth and dom.clientHeight. They should not be 0.For example, you may need to call this in the callback of window.onload.

Not implemented: HTMLCanvasElement's getContext() method: without installing the canvas npm package
[90mstderr[2m | src/app/domain/schema-management/components/schema-analytics-dashboard.component.spec.ts[2m > [22m[2mSchemaAnalyticsDashboardComponent[2m > [22m[2mshould show active filter HUD when a site filter is applied
[22m[39m[ECharts] Can't get DOM width or height. Please check dom.clientWidth and dom.clientHeight. They should not be 0.For example, you may need to call this in the callback of window.onload.
[ECharts] Can't get DOM width or height. Please check dom.clientWidth and dom.clientHeight. They should not be 0.For example, you may need to call this in the callback of window.onload.

Not implemented: HTMLCanvasElement's getContext() method: without installing the canvas npm package
[90mstderr[2m | src/app/domain/schema-management/components/schema-analytics-dashboard.component.spec.ts[2m > [22m[2mSchemaAnalyticsDashboardComponent[2m > [22m[2mshould show "(blinded)" indicator on donut label when not unblinded
[22m[39m[ECharts] Can't get DOM width or height. Please check dom.clientWidth and dom.clientHeight. They should not be 0.For example, you may need to call this in the callback of window.onload.
[ECharts] Can't get DOM width or height. Please check dom.clientWidth and dom.clientHeight. They should not be 0.For example, you may need to call this in the callback of window.onload.

Not implemented: HTMLCanvasElement's getContext() method: without installing the canvas npm package
Not implemented: HTMLCanvasElement's getContext() method: without installing the canvas npm package
Not implemented: HTMLCanvasElement's getContext() method: without installing the canvas npm package
Not implemented: HTMLCanvasElement's getContext() method: without installing the canvas npm package
Not implemented: HTMLCanvasElement's getContext() method: without installing the canvas npm package
Not implemented: HTMLCanvasElement's getContext() method: without installing the canvas npm package
Not implemented: HTMLCanvasElement's getContext() method: without installing the canvas npm package
Not implemented: HTMLCanvasElement's getContext() method: without installing the canvas npm package
Not implemented: HTMLCanvasElement's getContext() method: without installing the canvas npm package
Not implemented: HTMLCanvasElement's getContext() method: without installing the canvas npm package
[90mstderr[2m | src/app/domain/schema-management/components/schema-analytics-dashboard.component.spec.ts[2m > [22m[2mSchemaAnalyticsDashboardComponent[2m > [22m[2mshould not show "(blinded)" indicator when unblinded
[22m[39m[ECharts] Can't get DOM width or height. Please check dom.clientWidth and dom.clientHeight. They should not be 0.For example, you may need to call this in the callback of window.onload.
[ECharts] Can't get DOM width or height. Please check dom.clientWidth and dom.clientHeight. They should not be 0.For example, you may need to call this in the callback of window.onload.

Not implemented: HTMLCanvasElement's getContext() method: without installing the canvas npm package
[90mstderr[2m | src/app/domain/study-builder/components/generator.component.spec.ts[2m > [22m[2mGeneratorComponent (domain)[2m > [22m[2mshould render the results section when results are available and not generating
[22m[39m[ECharts] Can't get DOM width or height. Please check dom.clientWidth and dom.clientHeight. They should not be 0.For example, you may need to call this in the callback of window.onload.
[ECharts] Can't get DOM width or height. Please check dom.clientWidth and dom.clientHeight. They should not be 0.For example, you may need to call this in the callback of window.onload.

Not implemented: HTMLCanvasElement's getContext() method: without installing the canvas npm package
Not implemented: HTMLCanvasElement's getContext() method: without installing the canvas npm package
Not implemented: HTMLCanvasElement's getContext() method: without installing the canvas npm package
Not implemented: HTMLCanvasElement's getContext() method: without installing the canvas npm package
Not implemented: HTMLCanvasElement's getContext() method: without installing the canvas npm package
Not implemented: HTMLCanvasElement's getContext() method: without installing the canvas npm package
Not implemented: HTMLCanvasElement's getContext() method: without installing the canvas npm package
Not implemented: HTMLCanvasElement's getContext() method: without installing the canvas npm package
Not implemented: HTMLCanvasElement's getContext() method: without installing the canvas npm package
Not implemented: HTMLCanvasElement's getContext() method: without installing the canvas npm package
Not implemented: HTMLCanvasElement's getContext() method: without installing the canvas npm package
Not implemented: HTMLCanvasElement's getContext() method: without installing the canvas npm package
[90mstdout[2m | src/app/domain/schema-management/components/schema-analytics-dashboard.component.spec.ts[2m > [22m[2mSchemaAnalyticsDashboardComponent[2m > [22m[2mshould clear the filter when "Clear all filters" is clicked
[22m[39m[ECharts] Specified `grid.containLabel` but no `use(LegacyGridContainLabel)`;use `grid.outerBounds` instead.

[90mstderr[2m | src/app/domain/schema-management/components/schema-analytics-dashboard.component.spec.ts[2m > [22m[2mSchemaAnalyticsDashboardComponent[2m > [22m[2mshould clear the filter when "Clear all filters" is clicked
[22m[39m[ECharts] Can't get DOM width or height. Please check dom.clientWidth and dom.clientHeight. They should not be 0.For example, you may need to call this in the callback of window.onload.
[ECharts] Can't get DOM width or height. Please check dom.clientWidth and dom.clientHeight. They should not be 0.For example, you may need to call this in the callback of window.onload.
[ECharts] `setOption` should not be called during main process.

 [32m✓[39m [30m[43m app [49m[39m src/app/domain/schema-management/components/schema-analytics-dashboard.component.spec.ts [2m([22m[2m9 tests[22m[2m)[22m[33m 724[2mms[22m[39m
Not implemented: HTMLCanvasElement's getContext() method: without installing the canvas npm package
[90mstderr[2m | src/app/domain/study-builder/components/generator.component.spec.ts[2m > [22m[2mGeneratorComponent (domain)[2m > [22m[2mshould NOT render the zero-state when results are available
[22m[39m[ECharts] Can't get DOM width or height. Please check dom.clientWidth and dom.clientHeight. They should not be 0.For example, you may need to call this in the callback of window.onload.
[ECharts] Can't get DOM width or height. Please check dom.clientWidth and dom.clientHeight. They should not be 0.For example, you may need to call this in the callback of window.onload.

 [32m✓[39m [30m[43m app [49m[39m src/app/domain/schema-management/services/code-generator.service.spec.ts [2m([22m[2m146 tests[22m[2m)[22m[33m 441[2mms[22m[39m
 [32m✓[39m [30m[43m app [49m[39m src/app/domain/study-builder/components/config-form.component.spec.ts [2m([22m[2m39 tests[22m[2m)[22m[33m 3750[2mms[22m[39m
     [33m[2m✓[22m[39m should create the component [33m 536[2mms[22m[39m
[90mstderr[2m | src/app/domain/study-builder/components/generator.component.spec.ts[2m > [22m[2mGeneratorComponent (domain)[2m > [22m[2mzero-state Load Preset button should call configForm.loadPreset("standard") when clicked
[22m[39mNG0956: The configured tracking expression (track by identity) caused re-creation of the entire collection of size 2. This is an expensive operation requiring destruction and subsequent creation of DOM nodes, directives, components etc. Please review the "track expression" and make sure that it uniquely identifies items in a collection. Find more at https://v21.angular.dev/errors/NG0956
NG0956: The configured tracking expression (track by identity) caused re-creation of the entire collection of size 1. This is an expensive operation requiring destruction and subsequent creation of DOM nodes, directives, components etc. Please review the "track expression" and make sure that it uniquely identifies items in a collection. Find more at https://v21.angular.dev/errors/NG0956
NG0956: The configured tracking expression (track by identity) caused re-creation of the entire collection of size 2. This is an expensive operation requiring destruction and subsequent creation of DOM nodes, directives, components etc. Please review the "track expression" and make sure that it uniquely identifies items in a collection. Find more at https://v21.angular.dev/errors/NG0956

 [32m✓[39m [30m[43m app [49m[39m src/app/domain/schema-management/components/balance-verification.component.spec.ts [2m([22m[2m20 tests[22m[2m)[22m[32m 209[2mms[22m[39m
Not implemented: HTMLCanvasElement's getContext() method: without installing the canvas npm package
[90mstderr[2m | src/app/domain/study-builder/components/generator.component.spec.ts[2m > [22m[2mGeneratorComponent (domain)[2m > [22m[2mstate machine: only results section visible when results exist and not generating
[22m[39m[ECharts] Can't get DOM width or height. Please check dom.clientWidth and dom.clientHeight. They should not be 0.For example, you may need to call this in the callback of window.onload.
[ECharts] Can't get DOM width or height. Please check dom.clientWidth and dom.clientHeight. They should not be 0.For example, you may need to call this in the callback of window.onload.

 [32m✓[39m [30m[43m app [49m[39m src/app/domain/schema-management/components/schema-verification.component.spec.ts [2m([22m[2m23 tests[22m[2m)[22m[33m 316[2mms[22m[39m
 [32m✓[39m [30m[43m app [49m[39m src/app/domain/study-builder/components/tag-input.component.spec.ts [2m([22m[2m21 tests[22m[2m)[22m[32m 125[2mms[22m[39m
[90mstderr[2m | src/app/domain/study-builder/components/generator.component.spec.ts[2m > [22m[2mGeneratorComponent (domain)[2m > [22m[2mshould render the code generator modal when showCodeGenerator is true and config is set
[22m[39mError generating code: ConfigurationValidationError: Configuration validation failed: Arms array is empty. At least one treatment arm is required.
    at _CodeGeneratorService.validateConfig [90m(/app/[39msrc/app/domain/schema-management/services/code-generator.service.ts:106:13[90m)[39m
    at _CodeGeneratorService.generate [90m(/app/[39msrc/app/domain/schema-management/services/code-generator.service.ts:26:10[90m)[39m
    at _CodeGeneratorModalComponent.refreshCode [90m(/app/[39msrc/app/domain/schema-management/components/code-generator-modal.component.ts:44:40[90m)[39m
    at _CodeGeneratorModalComponent.ngOnInit [90m(/app/[39msrc/app/domain/schema-management/components/code-generator-modal.component.ts:24:10[90m)[39m
    at callHookInternal [90m(file:///app/[39mnode_modules/[4m.pnpm[24m/@angular+core@21.2.7_@angular+compiler@21.2.7_rxjs@7.8.2_zone.js@0.16.1/node_modules/[4m@angular/core[24m/fesm2022/_debug_node-chunk.mjs:555:10[90m)[39m
    at callHook [90m(file:///app/[39mnode_modules/[4m.pnpm[24m/@angular+core@21.2.7_@angular+compiler@21.2.7_rxjs@7.8.2_zone.js@0.16.1/node_modules/[4m@angular/core[24m/fesm2022/_debug_node-chunk.mjs:570:7[90m)[39m
    at callHooks [90m(file:///app/[39mnode_modules/[4m.pnpm[24m/@angular+core@21.2.7_@angular+compiler@21.2.7_rxjs@7.8.2_zone.js@0.16.1/node_modules/[4m@angular/core[24m/fesm2022/_debug_node-chunk.mjs:544:9[90m)[39m
    at executeInitAndCheckHooks [90m(file:///app/[39mnode_modules/[4m.pnpm[24m/@angular+core@21.2.7_@angular+compiler@21.2.7_rxjs@7.8.2_zone.js@0.16.1/node_modules/[4m@angular/core[24m/fesm2022/_debug_node-chunk.mjs:513:5[90m)[39m
    at refreshView [90m(file:///app/[39mnode_modules/[4m.pnpm[24m/@angular+core@21.2.7_@angular+compiler@21.2.7_rxjs@7.8.2_zone.js@0.16.1/node_modules/[4m@angular/core[24m/fesm2022/_debug_node-chunk.mjs:5763:11[90m)[39m
    at detectChangesInView [90m(file:///app/[39mnode_modules/[4m.pnpm[24m/@angular+core@21.2.7_@angular+compiler@21.2.7_rxjs@7.8.2_zone.js@0.16.1/node_modules/[4m@angular/core[24m/fesm2022/_debug_node-chunk.mjs:5891:5[90m)[39m {
  context: {
    protocolId: [32m'X'[39m,
    studyName: [32m'X'[39m,
    phase: [32m'I'[39m,
    arms: [],
    sites: [],
    strata: [],
    blockSizes: [],
    stratumCaps: [],
    seed: [32m''[39m,
    subjectIdMask: [32m''[39m
  }
}

Not implemented: navigation to another Document
Not implemented: navigation to another Document
 [32m✓[39m [30m[43m app [49m[39m src/app/domain/study-builder/components/block-preview.component.spec.ts [2m([22m[2m19 tests[22m[2m)[22m[32m 57[2mms[22m[39m
 [32m✓[39m [30m[43m app [49m[39m src/app/domain/schema-management/services/excel-export.service.spec.ts [2m([22m[2m20 tests[22m[2m)[22m[32m 108[2mms[22m[39m
[90mstderr[2m | src/app/domain/randomization-engine/randomization-engine.facade.spec.ts[2m > [22m[2mRandomizationEngineFacade – browser (Worker) path[2m > [22m[2mshould reject all pending callbacks when the worker fires onerror
[22m[39mRandomization worker error: { message: [32m'fatal worker crash'[39m }

 [32m✓[39m [30m[43m app [49m[39m src/app/domain/randomization-engine/worker/attrition-prng.spec.ts [2m([22m[2m6 tests[22m[2m)[22m[32m 85[2mms[22m[39m
 [32m✓[39m [30m[43m app [49m[39m src/app/domain/randomization-engine/randomization-engine.facade.spec.ts [2m([22m[2m22 tests[22m[2m)[22m[32m 109[2mms[22m[39m
 [32m✓[39m [30m[43m app [49m[39m src/app/domain/study-builder/components/generator.component.spec.ts [2m([22m[2m23 tests[22m[2m)[22m[33m 3420[2mms[22m[39m
     [33m[2m✓[22m[39m should create the component [33m 418[2mms[22m[39m
     [33m[2m✓[22m[39m should show skeleton grid when isGenerating is true [33m 368[2mms[22m[39m
[90mstderr[2m | src/app/domain/schema-management/components/code-generator-modal.component.spec.ts[2m > [22m[2mCodeGeneratorModalComponent (domain)[2m > [22m[2merror handling[2m > [22m[2mshould set errorState when the code generator throws a CodeGenerationError
[22m[39mError generating code: CodeGenerationError: Specific failure
    at [90m/app/[39msrc/app/domain/schema-management/components/code-generator-modal.component.spec.ts:250:26
    at [90mfile:///app/[39mnode_modules/[4m.pnpm[24m/@vitest+runner@4.1.5/node_modules/[4m@vitest/runner[24m/dist/chunk-artifact.js:302:11
    at [90mfile:///app/[39mnode_modules/[4m.pnpm[24m/@vitest+runner@4.1.5/node_modules/[4m@vitest/runner[24m/dist/chunk-artifact.js:1903:26
    at [90mfile:///app/[39mnode_modules/[4m.pnpm[24m/@vitest+runner@4.1.5/node_modules/[4m@vitest/runner[24m/dist/chunk-artifact.js:2326:20
    at new Promise (<anonymous>)
    at runWithCancel [90m(file:///app/[39mnode_modules/[4m.pnpm[24m/@vitest+runner@4.1.5/node_modules/[4m@vitest/runner[24m/dist/chunk-artifact.js:2323:10[90m)[39m
    at [90mfile:///app/[39mnode_modules/[4m.pnpm[24m/@vitest+runner@4.1.5/node_modules/[4m@vitest/runner[24m/dist/chunk-artifact.js:2305:20
    at new Promise (<anonymous>)
    at runWithTimeout [90m(file:///app/[39mnode_modules/[4m.pnpm[24m/@vitest+runner@4.1.5/node_modules/[4m@vitest/runner[24m/dist/chunk-artifact.js:2272:10[90m)[39m
    at [90mfile:///app/[39mnode_modules/[4m.pnpm[24m/@vitest+runner@4.1.5/node_modules/[4m@vitest/runner[24m/dist/chunk-artifact.js:2955:64 {
  context: {
    protocolId: [32m'ERR-TEST'[39m,
    studyName: [32m'Error Test'[39m,
    phase: [32m'Phase I'[39m,
    arms: [ [36m[Object][39m ],
    sites: [ [32m'Site1'[39m ],
    strata: [],
    blockSizes: [ [33m2[39m ],
    stratumCaps: [],
    seed: [32m'err_seed'[39m,
    subjectIdMask: [32m'[SiteID]-[001]'[39m
  }
}

[90mstderr[2m | src/app/domain/schema-management/components/code-generator-modal.component.spec.ts[2m > [22m[2mCodeGeneratorModalComponent (domain)[2m > [22m[2merror handling[2m > [22m[2mshould wrap non-CodeGenerationError exceptions in a CodeGenerationError
[22m[39mError generating code: Error: raw failure
    at Object.<anonymous> [90m(/app/[39msrc/app/domain/schema-management/components/code-generator-modal.component.spec.ts:261:15[90m)[39m
    at Object.Mock [as generate] [90m(file:///app/[39mnode_modules/[4m.pnpm[24m/@vitest+spy@4.1.5/node_modules/[4m@vitest/spy[24m/dist/index.js:332:34[90m)[39m
    at _CodeGeneratorModalComponent.refreshCode [90m(/app/[39msrc/app/domain/schema-management/components/code-generator-modal.component.ts:44:40[90m)[39m
    at _CodeGeneratorModalComponent.setActiveTab [90m(/app/[39msrc/app/domain/schema-management/components/code-generator-modal.component.ts:33:10[90m)[39m
    at [90m/app/[39msrc/app/domain/schema-management/components/code-generator-modal.component.spec.ts:264:17
    at [90mfile:///app/[39mnode_modules/[4m.pnpm[24m/@vitest+runner@4.1.5/node_modules/[4m@vitest/runner[24m/dist/chunk-artifact.js:302:11
    at [90mfile:///app/[39mnode_modules/[4m.pnpm[24m/@vitest+runner@4.1.5/node_modules/[4m@vitest/runner[24m/dist/chunk-artifact.js:1903:26
    at [90mfile:///app/[39mnode_modules/[4m.pnpm[24m/@vitest+runner@4.1.5/node_modules/[4m@vitest/runner[24m/dist/chunk-artifact.js:2326:20
    at new Promise (<anonymous>)
    at runWithCancel [90m(file:///app/[39mnode_modules/[4m.pnpm[24m/@vitest+runner@4.1.5/node_modules/[4m@vitest/runner[24m/dist/chunk-artifact.js:2323:10[90m)[39m

[90mstderr[2m | src/app/domain/schema-management/components/code-generator-modal.component.spec.ts[2m > [22m[2mCodeGeneratorModalComponent (domain)[2m > [22m[2merror handling[2m > [22m[2mshould clear errorState and show code when switching to a tab that succeeds
[22m[39mError generating code: CodeGenerationError: bad
    at Object.<anonymous> [90m(/app/[39msrc/app/domain/schema-management/components/code-generator-modal.component.spec.ts:272:87[90m)[39m
    at Object.Mock [as generate] [90m(file:///app/[39mnode_modules/[4m.pnpm[24m/@vitest+spy@4.1.5/node_modules/[4m@vitest/spy[24m/dist/index.js:332:34[90m)[39m
    at _CodeGeneratorModalComponent.refreshCode [90m(/app/[39msrc/app/domain/schema-management/components/code-generator-modal.component.ts:44:40[90m)[39m
    at _CodeGeneratorModalComponent.setActiveTab [90m(/app/[39msrc/app/domain/schema-management/components/code-generator-modal.component.ts:33:10[90m)[39m
    at [90m/app/[39msrc/app/domain/schema-management/components/code-generator-modal.component.spec.ts:273:17
    at [90mfile:///app/[39mnode_modules/[4m.pnpm[24m/@vitest+runner@4.1.5/node_modules/[4m@vitest/runner[24m/dist/chunk-artifact.js:302:11
    at [90mfile:///app/[39mnode_modules/[4m.pnpm[24m/@vitest+runner@4.1.5/node_modules/[4m@vitest/runner[24m/dist/chunk-artifact.js:1903:26
    at [90mfile:///app/[39mnode_modules/[4m.pnpm[24m/@vitest+runner@4.1.5/node_modules/[4m@vitest/runner[24m/dist/chunk-artifact.js:2326:20
    at new Promise (<anonymous>)
    at runWithCancel [90m(file:///app/[39mnode_modules/[4m.pnpm[24m/@vitest+runner@4.1.5/node_modules/[4m@vitest/runner[24m/dist/chunk-artifact.js:2323:10[90m)[39m {
  context: {
    protocolId: [32m'ERR-TEST'[39m,
    studyName: [32m'Error Test'[39m,
    phase: [32m'Phase I'[39m,
    arms: [ [36m[Object][39m ],
    sites: [ [32m'Site1'[39m ],
    strata: [],
    blockSizes: [ [33m2[39m ],
    stratumCaps: [],
    seed: [32m'err_seed'[39m,
    subjectIdMask: [32m'[SiteID]-[001]'[39m
  }
}

 [32m✓[39m [30m[43m app [49m[39m src/app/domain/schema-management/components/code-generator-modal.component.spec.ts [2m([22m[2m14 tests[22m[2m)[22m[32m 82[2mms[22m[39m
 [32m✓[39m [30m[43m app [49m[39m src/app/domain/schema-management/services/methodology-specification.service.spec.ts [2m([22m[2m33 tests[22m[2m)[22m[32m 89[2mms[22m[39m
 [32m✓[39m [30m[43m app [49m[39m src/app/core/services/theme.service.spec.ts [2m([22m[2m11 tests[22m[2m)[22m[32m 38[2mms[22m[39m
 [32m✓[39m [30m[43m app [49m[39m src/app/domain/randomization-engine/core/randomization-algorithm.spec.ts [2m([22m[2m52 tests[22m[2m)[22m[32m 47[2mms[22m[39m
 [32m✓[39m [30m[43m app [49m[39m src/app/domain/study-builder/store/study-builder.store.spec.ts [2m([22m[2m25 tests[22m[2m)[22m[32m 61[2mms[22m[39m
 [32m✓[39m [30m[43m app [49m[39m src/app/domain/schema-management/services/schema-view-state.service.spec.ts [2m([22m[2m12 tests[22m[2m)[22m[32m 21[2mms[22m[39m
 [32m✓[39m [30m[43m app [49m[39m src/app/domain/randomization-engine/randomization.service.spec.ts [2m([22m[2m7 tests[22m[2m)[22m[32m 23[2mms[22m[39m
 [32m✓[39m [30m[43m app [49m[39m src/app/core/services/toast.service.spec.ts [2m([22m[2m13 tests[22m[2m)[22m[32m 36[2mms[22m[39m
 [32m✓[39m [30m[43m app [49m[39m src/app/domain/randomization-engine/randomization-engine-monte-carlo.facade.spec.ts [2m([22m[2m9 tests[22m[2m)[22m[32m 26[2mms[22m[39m
 [32m✓[39m [30m[43m app [49m[39m src/app/core/services/viewport.service.spec.ts [2m([22m[2m9 tests[22m[2m)[22m[32m 37[2mms[22m[39m
 [32m✓[39m [30m[43m app [49m[39m src/app/domain/randomization-engine/core/minimization-algorithm.spec.ts [2m([22m[2m7 tests[22m[2m)[22m[32m 30[2mms[22m[39m
 [32m✓[39m [30m[43m app [49m[39m src/app/domain/randomization-engine/core/subject-id-engine.spec.ts [2m([22m[2m37 tests[22m[2m)[22m[32m 12[2mms[22m[39m
 [32m✓[39m [30m[43m app [49m[39m src/app/domain/randomization-engine/core/randomization-algorithm-parity.spec.ts [2m([22m[2m8 tests[22m[2m)[22m[32m 20[2mms[22m[39m
 [32m✓[39m [30m[43m app [49m[39m src/app/domain/randomization-engine/core/crypto-hash.spec.ts [2m([22m[2m11 tests[22m[2m)[22m[32m 13[2mms[22m[39m
 [32m✓[39m [30m[43m app [49m[39m src/app/domain/randomization-engine/core/cap-strategy.spec.ts [2m([22m[2m15 tests[22m[2m)[22m[32m 6[2mms[22m[39m
 [32m✓[39m [30m[43m app [49m[39m src/app/app.spec.ts [2m([22m[2m1 test[22m[2m)[22m[32m 14[2mms[22m[39m

[2m Test Files [22m [1m[32m28 passed[39m[22m[90m (28)[39m
[2m      Tests [22m [1m[32m654 passed[39m[22m[90m (654)[39m
[2m   Start at [22m 19:12:08
[2m   Duration [22m 7.67s[2m (transform 2.07s, setup 1.50s, import 4.99s, tests 11.58s, environment 34.72s)[22m
